> Task :timeago-parser:processResources NO-SOURCE
> Task :newpipe-extractor:extractIncludeProto UP-TO-DATE
> Task :newpipe-extractor:extractProto UP-TO-DATE
> Task :newpipe-extractor:generateProto UP-TO-DATE
> Task :timeago-parser:compileJava UP-TO-DATE
> Task :newpipe-extractor:compileJava UP-TO-DATE
> Task :newpipe-extractor:processResources UP-TO-DATE
> Task :newpipe-extractor:classes UP-TO-DATE
> Task :newpipe-extractor:jar UP-TO-DATE
> Task :app:checkKotlinGradlePluginConfigurationErrors SKIPPED
> Task :app:preBuild UP-TO-DATE
> Task :app:preDebugBuild UP-TO-DATE
> Task :app:generateDebugBuildConfig UP-TO-DATE
> Task :decoder_av1:preBuild UP-TO-DATE
> Task :decoder_av1:preDebugBuild UP-TO-DATE
> Task :decoder_av1:writeDebugAarMetadata UP-TO-DATE
> Task :app:checkDebugAarMetadata UP-TO-DATE
> Task :decoder_av1:processDebugNavigationResources UP-TO-DATE
> Task :app:processDebugNavigationResources UP-TO-DATE
> Task :app:compileDebugNavigationResources UP-TO-DATE
> Task :app:generateDebugResValues UP-TO-DATE
> Task :decoder_av1:generateDebugResValues UP-TO-DATE
> Task :decoder_av1:generateDebugResources UP-TO-DATE
> Task :decoder_av1:packageDebugResources UP-TO-DATE
> Task :app:mapDebugSourceSetPaths UP-TO-DATE
> Task :app:generateDebugResources UP-TO-DATE
> Task :app:mergeDebugResources UP-TO-DATE
> Task :app:packageDebugResources UP-TO-DATE
> Task :app:parseDebugLocalResources UP-TO-DATE
> Task :app:createDebugCompatibleScreenManifests UP-TO-DATE
> Task :app:extractDeepLinksDebug UP-TO-DATE
> Task :decoder_av1:extractDeepLinksDebug UP-TO-DATE
> Task :decoder_av1:processDebugManifest UP-TO-DATE
> Task :app:processDebugMainManifest UP-TO-DATE
> Task :app:processDebugManifest UP-TO-DATE
> Task :app:processDebugManifestForPackage UP-TO-DATE
> Task :decoder_av1:compileDebugLibraryResources UP-TO-DATE
> Task :decoder_av1:parseDebugLocalResources UP-TO-DATE
> Task :decoder_av1:generateDebugRFile UP-TO-DATE
> Task :app:processDebugResources UP-TO-DATE
> Task :decoder_av1:checkKotlinGradlePluginConfigurationErrors SKIPPED
> Task :decoder_av1:compileDebugKotlin NO-SOURCE
> Task :decoder_av1:javaPreCompileDebug UP-TO-DATE
> Task :decoder_av1:compileDebugJavaWithJavac UP-TO-DATE
> Task :decoder_av1:bundleLibCompileToJarDebug UP-TO-DATE
> Task :app:kaptGenerateStubsDebugKotlin UP-TO-DATE
> Task :app:kaptDebugKotlin UP-TO-DATE

> Task :app:compileDebugKotlin FAILED
./gradlew : e: file:///C:/Users/flex360/AndroidStudioProjects/el
efin/app/src/main/java/com/flex/elefin/screens/JellyfinVideoPlay
erScreen.kt:40:49 Conflicting import: imported name 
'DefaultTrackSelector' is ambiguous.
At line:1 char:1
+ ./gradlew :app:compileDebugKotlin --console=plain 2>&1 | 
Out-File -Fi ...
+ ~~~~~~~~~~~~~~~~~~~~~~~~~~~~~~~~~~~~~~~~~~~~~~~~~~~~~~
    + CategoryInfo          : NotSpecified: (e: file:///C:/U... 
   ' is ambiguous.:String) [], RemoteException
    + FullyQualifiedErrorId : NativeCommandError
 
e: file:///C:/Users/flex360/AndroidStudioProjects/elefin/app/src
/main/java/com/flex/elefin/screens/JellyfinVideoPlayerScreen.kt:
111:49 Conflicting import: imported name 'DefaultTrackSelector' 
is ambiguous.
e: file:///C:/Users/flex360/AndroidStudioProjects/elefin/app/src
/main/java/com/flex/elefin/screens/JellyfinVideoPlayerScreen.kt:
3288:61 Unresolved reference 'ClosedCaption'.
e: file:///C:/Users/flex360/AndroidStudioProjects/elefin/app/src
/main/java/com/flex/elefin/screens/JellyfinVideoPlayerScreen.kt:
5091:44 Unresolved reference 'AspectRatio'.

FAILURE: Build failed with an exception.

* What went wrong:
Execution failed for task ':app:compileDebugKotlin'.
> A failure occurred while executing org.jetbrains.kotlin.compil
erRunner.GradleCompilerRunnerWithWorkers$GradleKotlinCompilerWor
kAction
   > Compilation error. See log for more details

* Try:
> Run with --stacktrace option to get the stack trace.
> Run with --info or --debug option to get more log output.
> Run with --scan to get full insights.
> Get more help at https://help.gradle.org.

BUILD FAILED in 3s
39 actionable tasks: 1 executed, 38 up-to-date
